"Po ponurém poli poletovali pakoni, 
vazne"
5 x $4 = $20
prvnidruhatretictvrtaserazenamucha
ctvrtadruhamuchaprvniserazenatreti

44
13
34
