........................................................................................................................
..........................................................----..........................................................
...........................................----------------------------------...........................................
....................................------------------------------------------------....................................
...............................-----------------------------------++++++++++++++---------...............................
...........................---------------------------------++++++++==xwwwx===+++++++--------...........................
........................--------------------------------++++++++++===xxzaawxxxx=++++++++--------........................
.....................-------------------------------++++++++++++=====xxzwwnwwaawx=+++++++++--------.....................
..................--------------------------------+++++++++++++=====xzzwwwanawwzxx==+++++++++---------..................
................-------------------------------++++++++++++++=====xxwwwwavi inwwwx=====++++++++---------................
..............------------------------------++++++++++++++=====xxxzwaaio     ianawxx======++++++----------..............
............------------------------------+++++++++++++===xxxxxxzzzwwvn       oawwzzxx=======++++-----------............
...........----------------------------++++++++++++====xzzzzzzzzwwwwwa        iawwwwzzxxxxxxxx=++++----------...........
.........----------------------------++++++++++=====xxwwnioawwww  avvnvni    nvvaiaannwwzzzwwvwx=+++-----------.........
........--------------------------+++++++=========xxxzzaav   va n                     awwaoaavavx=+++-----------........
.......------------------------+++++============xxxxzwwwan   i                         oi   iawwx==+++-----------.......
......---------------------++++==============xxxxxxzwwia n                                  vwwzx===+++-----------......
.....-----------------+++++=xzzxxxxxx====xxxxxxzzzwwvn                                      aiwzzx==+++------------.....
....------------++++++++===xxwnwwzzzzzwawzzzzzzzwwwwaao                                      avwaax=++++------------....
...-------+++++++++++=====xxzwaaawvwwwanawwwwwwwwwwa                                            iwx=+++++------------...
...----++++++++++++======xxzzwwwav ovivo ivoaawwwwa                                           owwzx=+++++------------...
..---+++++++++++=========xzzzwwwan            naaaa                                            iazx=+++++-------------..
..-+++++++++++========xzwwwwwwai                nv                                            vwzx==++++++------------..
..++++++++++==xxxxxxzzzwwawaaav                                                              ivwxx==++++++------------..
..====xxxzazzzxxxzzzzwwwaai   o                                                              wzxx===++++++------------..
.                                                 IFJ Mandel, UFO '06                    iawwwzxx===++++++-------------.
..====xxxzazzzxxxzzzzwwwaai   o                                                              wzxx===++++++------------..
..++++++++++==xxxxxxzzzwwawaaav                                                              ivwxx==++++++------------..
..-+++++++++++========xzwwwwwwai                nv                                            vwzx==++++++------------..
..---+++++++++++=========xzzzwwwan            naaaa                                            iazx=+++++-------------..
...----++++++++++++======xxzzwwwav ovivo ivoaawwwwa                                           owwzx=+++++------------...
...-------+++++++++++=====xxzwaaawvwwwanawwwwwwwwwwa                                            iwx=+++++------------...
....------------++++++++===xxwnwwzzzzzwawzzzzzzzwwwwaao                                      avwaax=++++------------....
.....-----------------+++++=xzzxxxxxx====xxxxxxzzzwwvn                                      aiwzzx==+++------------.....
......---------------------++++==============xxxxxxzwwia n                                  vwwzx===+++-----------......
.......------------------------+++++============xxxxzwwwan   i                         oi   iawwx==+++-----------.......
........--------------------------+++++++=========xxxzzaav   va n                     awwaoaavavx=+++-----------........
.........----------------------------++++++++++=====xxwwnioawwww  avvnvni    nvvaiaannwwzzzwwvwx=+++-----------.........
...........----------------------------++++++++++++====xzzzzzzzzwwwwwa        iawwwwzzxxxxxxxx=++++----------...........
............------------------------------+++++++++++++===xxxxxxzzzwwvn       oawwzzxx=======++++-----------............
..............------------------------------++++++++++++++=====xxxzwaaio     ianawxx======++++++----------..............
................-------------------------------++++++++++++++=====xxwwwwavi inwwwx=====++++++++---------................
..................--------------------------------+++++++++++++=====xzzwwwanawwzxx==+++++++++---------..................
.....................-------------------------------++++++++++++=====xxzwwnwwaawx=+++++++++--------.....................
........................--------------------------------++++++++++===xxzaawxxxx=++++++++--------........................
...........................---------------------------------++++++++==xwwwx===+++++++--------...........................
...............................-----------------------------------++++++++++++++---------...............................
....................................------------------------------------------------....................................
...........................................----------------------------------...........................................
..........................................................----..........................................................
........................................................................................................................
