ifj5-raytracer, predelano z pashtraceru!
chvili cekejte, nakresli vam to scenu se trema
koulema a jednim svetlem pomoci raytracingu!
    -tHE SWINe-


+----------------------------------------------------------------------+
|                                                                      |
|                                                                      |
|                                                                      |
|                                                                      |
|                                                                      |
|                                                                      |
|                                                                      |
|                                 .----                                |
|                              .----+++---                             |
|                            .---++++++++++-                           |
|                          ..--++++++++++++++-                         |
|                         ..--+++++********+++-                        |
|                        ..--++++************++-                       |
|                       ..--++++**************++-                      |
|                       .---+++****************++                      |
|                      ..--++++******######*****++                     |
|                     ..---+++******########****++-                    |
|                     ..--++++*****##########****++                    |
|                    ...--+++******###########***++-                   |
|                    ..---+++*****############****+-                   |
|                    ..---+++*****#############***++                   |
|                   ...--++++*****#############***++-                  |
|                   ...--++++*****#############****+-                  |
|                   ...--++++*****#############****+-                  |
|                   ...--++++*****#############****+-                  |
|                   ...--++++******############****+-                  |
|                   ...---+++******###########*****+-                  |
|                   ...---+++*******##########****++-                  |
|                   ...---++++*******########+++++++-                  |
|                   ...---++++********#####-+++*****++                 |
|                   ....---++++***********-++*********+                |
|.......................---++++**********-++***********+...............|
|.......................---+++++********-++****######***+..............|
|........................---+++++******--++****#######**+-.............|
|........................----+++++*****-+++***########***+.............|
|.........................---+++++++**.-++****#########**+-............|
|.........................----++++++++.-++****#########***+............|
|..........................----++++++.--++****#########***+............|
|...........................----+++++.--++****#########***+-...........|
|............................-----+++.--+++****########***+-...........|
|.............................-------.--+++****#######****+-...........|
|..............................------..--++******####****++-...........|
|................................----..--+++*************++---.........|
|.............------------..........-..--+++*************++------------|
|.-------------------------.............--+++***********++-.-----------|
|----------------------------...........--+++++********+++-------------|
|------------------------------..........--++++++****++++--------------|
|---------------------------------.......---++++++++++++--.------------|
|-------------------------------------....----+++++++++--.-------------|
|--------------------------------------....-----+++++----.-------------|
|--------------------------------------.....-----------..++++++++------|
|-----------------------------++++++++++......--------...++++++++++++++|
|--------------------++++++++++++++++++++++++........++++++++++++++++++|
|--------------++++++++++++++++++++++++++++++++++++++++++++++++++++++++|
|--------++++++++++++++++++++++++++++++++++++++++++++++++++++++++++++++|
|---+++++++++++++++++++++++++++++++++++++++++++++++++++++++++++++++++++|
|++++++++++++++++++++++++++++++++++++++++++++++++++++++++++++++++++++++|
+----------------------------------------------------------------------+
